
> tangga@1.0.0 build
> vite build

[36mvite v6.4.3 [32mbuilding for production...[36m[39m
transforming...
[32mΓ£ô[39m 14 modules transformed.
node.exe : [31mΓ£ù[39m Build failed in 129ms
At line:1 char:1
+ & "C:\Program Files\nodejs/node.exe" "C:\Program Files\nodejs/node_mo ...
+ ~~~~~~~~~~~~~~~~~~~~~~~~~~~~~~~~~~~~~~~~~~~~~~~~~~~~~~~~~~~~~~~~~~~~~
    + CategoryInfo          : NotSpecified: ([31mΓ£ù[39m Build failed in 129ms:String) [], RemoteException
    + FullyQualifiedErrorId : NativeCommandError
 
[31merror during build:
[31msrc/views/dashboard.js (104:8): Identifier "totalRecent" has already been declared[31m
file: [36mC:/Homechain/To-Do/src/views/dashboard.js:104:8[31m
[33m
102: 
103:   // ---- 6 bulan terakhir (bar chart) ----
104:   const totalRecent = monthBars.reduce((s, m) => s + m.count, 0);
             ^
105:   const avgPerMonth = totalRecent / 6;
106:   const { ticks, top } = niceTicks(
[31m
    at getRollupError (file:///C:/Homechain/To-Do/node_modules/rollup/dist/es/shared/parseAst.js:317:41)
    at error (file:///C:/Homechain/To-Do/node_modules/rollup/dist/es/shared/parseAst.js:313:42)
    at Module.error (file:///C:/Homechain/To-Do/node_modules/rollup/dist/es/shared/node-entry.js:17230:16)
    at FunctionBodyScope.addDeclaration 
(file:///C:/Homechain/To-Do/node_modules/rollup/dist/es/shared/node-entry.js:6071:21)
    at Identifier.declare (file:///C:/Homechain/To-Do/node_modules/rollup/dist/es/shared/node-entry.js:5225:35)
    at VariableDeclarator.declareDeclarator 
(file:///C:/Homechain/To-Do/node_modules/rollup/dist/es/shared/node-entry.js:15734:17)
    at VariableDeclaration.initialise 
(file:///C:/Homechain/To-Do/node_modules/rollup/dist/es/shared/node-entry.js:15575:24)
    at convertNode (file:///C:/Homechain/To-Do/node_modules/rollup/dist/es/shared/node-entry.js:16624:10)
    at convertNodeList (file:///C:/Homechain/To-Do/node_modules/rollup/dist/es/shared/node-entry.js:16634:38)
    at Array.blockStatement (file:///C:/Homechain/To-Do/node_modules/rollup/dist/es/shared/node-entry.js:16106:21)[39m
